Microsoft Windows [Version 10.0.17134.523]
(c) 2018 Microsoft Corporation. All rights reserved.

C:\Users\harelp>dir
 Volume in drive C is Windows
 Volume Serial Number is F877-1936

 Directory of C:\Users\harelp

01/11/2019  05:43 PM    <DIR>          .
01/11/2019  05:43 PM    <DIR>          ..
07/15/2018  08:54 PM    <DIR>          .AndroidStudio3.1
10/26/2018  03:55 PM    <DIR>          .eclipse
07/19/2018  09:28 PM    <DIR>          .gradle
01/14/2019  10:10 AM    <DIR>          .p2
05/07/2018  12:35 AM             1,024 .rnd
10/26/2018  03:49 PM    <DIR>          .tooling
07/20/2018  12:20 PM    <DIR>          .VirtualBox
12/14/2018  10:14 PM    <DIR>          3D Objects
07/20/2018  12:52 PM    <DIR>          AndroidStudioProjects
12/14/2018  10:14 PM    <DIR>          Contacts
01/14/2019  10:41 AM    <DIR>          Desktop
12/19/2018  11:34 PM    <DIR>          Documents
01/14/2019  10:22 AM    <DIR>          Downloads
10/26/2018  03:46 PM    <DIR>          eclipse
01/08/2019  02:12 PM    <DIR>          eclipse-workspace
12/14/2018  10:14 PM    <DIR>          Favorites
07/22/2018  06:20 PM            77,418 genymotion-log.zip
12/14/2018  10:14 PM    <DIR>          Links
12/14/2018  10:14 PM    <DIR>          Music
01/14/2019  10:03 AM    <DIR>          OneDrive
12/14/2018  10:14 PM    <DIR>          Pictures
12/14/2018  10:14 PM    <DIR>          Saved Games
12/14/2018  10:14 PM    <DIR>          Searches
01/14/2019  10:05 AM    <DIR>          Videos
07/19/2018  11:04 PM    <DIR>          VirtualBox VMs
               2 File(s)         78,442 bytes
              25 Dir(s)  139,044,155,392 bytes free

C:\Users\harelp>cd desktop

C:\Users\harelp\Desktop>cd sv

C:\Users\harelp\Desktop\sv>dir
 Volume in drive C is Windows
 Volume Serial Number is F877-1936

 Directory of C:\Users\harelp\Desktop\sv

01/14/2019  10:41 AM    <DIR>          .
01/14/2019  10:41 AM    <DIR>          ..
               0 File(s)              0 bytes
               2 Dir(s)  139,044,073,472 bytes free

C:\Users\harelp\Desktop\sv>git
usage: git [--version] [--help] [-C <path>] [-c <name>=<value>]
           [--exec-path[=<path>]] [--html-path] [--man-path] [--info-path]
           [-p | --paginate | -P | --no-pager] [--no-replace-objects] [--bare]
           [--git-dir=<path>] [--work-tree=<path>] [--namespace=<name>]
           <command> [<args>]

These are common Git commands used in various situations:

start a working area (see also: git help tutorial)
   clone      Clone a repository into a new directory
   init       Create an empty Git repository or reinitialize an existing one

work on the current change (see also: git help everyday)
   add        Add file contents to the index
   mv         Move or rename a file, a directory, or a symlink
   reset      Reset current HEAD to the specified state
   rm         Remove files from the working tree and from the index

examine the history and state (see also: git help revisions)
   bisect     Use binary search to find the commit that introduced a bug
   grep       Print lines matching a pattern
   log        Show commit logs
   show       Show various types of objects
   status     Show the working tree status

grow, mark and tweak your common history
   branch     List, create, or delete branches
   checkout    Switch branches or restore working tree files
   commit     Record changes to the repository
   diff       Show changes between commits, commit and working tree, etc
   merge      Join two or more development histories together
   rebase     Reapply commits on top of another base tip
   tag        Create, list, delete or verify a tag object signed with GPG

collaborate (see also: git help workflows)
   fetch      Download objects and refs from another repository
   pull       Fetch from and integrate with another repository or a local branch
   push       Update remote refs along with associated objects

'git help -a' and 'git help -g' list available subcommands and some
concept guides. See 'git help <command>' or 'git help <concept>'
to read about a specific subcommand or concept.

C:\Users\harelp\Desktop\sv>git clone https://github.com/harelp60/my-project.git
Cloning into 'my-project'...
remote: Enumerating objects: 3, done.
remote: Counting objects: 100% (3/3), done.
remote: Total 3 (delta 0), reused 0 (delta 0), pack-reused 0
Unpacking objects: 100% (3/3), done.

C:\Users\harelp\Desktop\sv>dir
 Volume in drive C is Windows
 Volume Serial Number is F877-1936

 Directory of C:\Users\harelp\Desktop\sv

01/14/2019  10:52 AM    <DIR>          .
01/14/2019  10:52 AM    <DIR>          ..
01/14/2019  10:52 AM    <DIR>          my-project
               0 File(s)              0 bytes
               3 Dir(s)  139,042,103,296 bytes free

C:\Users\harelp\Desktop\sv>git status
fatal: not a git repository (or any of the parent directories): .git

C:\Users\harelp\Desktop\sv>cd my-project

C:\Users\harelp\Desktop\sv\my-project>git status
On branch master
Your branch is up to date with 'origin/master'.

Untracked files:
  (use "git add <file>..." to include in what will be committed)

        sv.txt

nothing added to commit but untracked files present (use "git add" to track)

C:\Users\harelp\Desktop\sv\my-project>git add sv.txt

C:\Users\harelp\Desktop\sv\my-project>git status
On branch master
Your branch is up to date with 'origin/master'.

Changes to be committed:
  (use "git reset HEAD <file>..." to unstage)

        new file:   sv.txt


C:\Users\harelp\Desktop\sv\my-project>git commit -m"my commit"

*** Please tell me who you are.

Run

  git config --global user.email "you@example.com"
  git config --global user.name "Your Name"

to set your account's default identity.
Omit --global to set the identity only in this repository.

fatal: unable to auto-detect email address (got 'harelp@Harel-Pinhas.(none)')

C:\Users\harelp\Desktop\sv\my-project>git config --global user.email harel60p@gmail.com"

C:\Users\harelp\Desktop\sv\my-project>git config --global user.email "harel60p@gmail.com"

C:\Users\harelp\Desktop\sv\my-project>git config --global user.name "harelp60"

C:\Users\harelp\Desktop\sv\my-project>git commit -m"my commit"
[master 5d0a3c5] my commit
 1 file changed, 1 insertion(+)
 create mode 100644 sv.txt

C:\Users\harelp\Desktop\sv\my-project>git push
Enumerating objects: 4, done.
Counting objects: 100% (4/4), done.
Delta compression using up to 8 threads
Compressing objects: 100% (2/2), done.
Writing objects: 100% (3/3), 270 bytes | 270.00 KiB/s, done.
Total 3 (delta 0), reused 0 (delta 0)
To https://github.com/harelp60/my-project.git
   cb57c19..5d0a3c5  master -> master

C:\Users\harelp\Desktop\sv\my-project>